// Jest Snapshot v1, https://goo.gl/fbAQLP

exports[`Components:organisms:BarCursos Snapshots should render component 1`] = `
"<div class=\\"flex flex-col justify-center gap-3 md:gap-8\\">
  <h3 class=\\"text-3xl text-black md:text-[40px] font-semibold mt-9\\">
    Nossos <span class=\\"text-primary-bordo-500\\">cursos</span></h3>
  <div class=\\"snap-x snap-mandatory overflow-scroll 2xl:overflow-hidden h-52 2xl:h-56 flex justify-between lg:grid lg:grid-cols-6 lg:gap-2 xl:gap-4\\">
    <buttoninstrument-stub title=\\"Escola de Aprendizes\\" icon=\\"passarinho\\" color=\\"yellow\\" isnavbarcursos=\\"true\\" class=\\"snap-center flex-shrink-0 w-[180px] lg:w-full mr-3\\"></buttoninstrument-stub>
    <buttoninstrument-stub title=\\"Piano\\" icon=\\"piano\\" color=\\"orange\\" isnavbarcursos=\\"true\\" class=\\"snap-center flex-shrink-0 w-[180px] lg:w-full mr-3\\"></buttoninstrument-stub>
    <buttoninstrument-stub title=\\"Regência\\" icon=\\"regencia\\" color=\\"bordo\\" isnavbarcursos=\\"true\\" class=\\"snap-center flex-shrink-0 w-[180px] lg:w-full mr-3\\"></buttoninstrument-stub>
    <buttoninstrument-stub title=\\"Violino\\" icon=\\"violino\\" color=\\"beige\\" isnavbarcursos=\\"true\\" class=\\"snap-center flex-shrink-0 w-[180px] lg:w-full mr-3\\"></buttoninstrument-stub>
    <buttoninstrument-stub title=\\"Violão\\" icon=\\"violao\\" color=\\"blue\\" isnavbarcursos=\\"true\\" class=\\"snap-center flex-shrink-0 w-[180px] lg:w-full mr-3\\"></buttoninstrument-stub>
    <buttoninstrument-stub title=\\"Órgão\\" icon=\\"orgao\\" color=\\"yellow\\" isnavbarcursos=\\"true\\" class=\\"snap-center flex-shrink-0 w-[200px] lg:w-full mr-3\\"></buttoninstrument-stub>
  </div>
</div>"
`;
