// Jest Snapshot v1, https://goo.gl/fbAQLP

exports[`Pages:index Snapshots Should render all child componets 1`] = `
"<div class=\\"bg-background flex flex-col items-center justify-center gap-4 md:gap-8\\">
  <h1>Utilizes testes</h1>
  <h1>Está tela ainda está sendo criada!</h1>
  <h3>outro teste</h3>
</div>"
`;
